// Jest Snapshot v1, https://goo.gl/fbAQLP

exports[`should render ExpenseListItem correctly 1`] = `
<div>
  <Link
    replace={false}
    to="/edit/1"
  >
    <h2>
      Expense: 
      Gum
    </h2>
  </Link>
  <p>
    Amount: $
    $1.95
    - Created at: 
    December 31st, 1969
  </p>
</div>
`;
