// Jest Snapshot v1, https://goo.gl/fbAQLP

exports[`should render multiple expenses with plural expenses 1`] = `
<div>
  <h3>
    Viewing 
     expense totalling 
  </h3>
</div>
`;

exports[`should render single expense singularily 1`] = `
<div>
  <h3>
    Viewing 
     expense totalling 
  </h3>
</div>
`;
